--- Copying files at Wed Mar  5 12:18:43 UTC 2025
--- Copied files finished at Wed Mar  5 12:18:43 UTC 2025
--- Copying files at Wed Mar  5 15:13:29 UTC 2025
--- Copied files finished at Wed Mar  5 15:13:29 UTC 2025
--- Copying files at Wed Mar  5 15:16:49 UTC 2025
--- Copied files finished at Wed Mar  5 15:16:49 UTC 2025
--- Copying files at Wed Mar  5 15:22:18 UTC 2025
--- Copied files finished at Wed Mar  5 15:22:18 UTC 2025
--- Copying files at Thu Mar  6 11:09:40 UTC 2025
--- Copied files finished at Thu Mar  6 11:09:40 UTC 2025
--- Copying files at Thu Mar  6 11:13:03 UTC 2025
--- Copied files finished at Thu Mar  6 11:13:04 UTC 2025
--- Copying files at Thu Mar  6 11:46:08 UTC 2025
--- Copied files finished at Thu Mar  6 11:46:08 UTC 2025
--- Copying files at Thu Mar  6 11:55:16 UTC 2025
--- Copied files finished at Thu Mar  6 11:55:16 UTC 2025
--- Copying files at Thu Mar  6 11:58:12 UTC 2025
--- Copied files finished at Thu Mar  6 11:58:12 UTC 2025
--- Copying files at Thu Mar  6 12:04:53 UTC 2025
--- Copied files finished at Thu Mar  6 12:04:53 UTC 2025
--- Copying files at Thu Mar  6 12:07:14 UTC 2025
--- Copied files finished at Thu Mar  6 12:07:14 UTC 2025
--- Copying files at Thu Mar  6 14:32:14 UTC 2025
--- Copied files finished at Thu Mar  6 14:32:14 UTC 2025
--- Copying files at Thu Mar  6 14:43:55 UTC 2025
--- Copied files finished at Thu Mar  6 14:43:55 UTC 2025
--- Copying files at Sun Mar  9 13:16:25 UTC 2025
--- Copied files finished at Sun Mar  9 13:16:25 UTC 2025
--- Copying files at Sun Mar  9 13:30:09 UTC 2025
--- Copied files finished at Sun Mar  9 13:30:09 UTC 2025
--- Copying files at Mon Mar 10 12:18:35 UTC 2025
--- Copied files finished at Mon Mar 10 12:18:35 UTC 2025
--- Copying files at Mon Mar 10 12:25:16 UTC 2025
--- Copied files finished at Mon Mar 10 12:25:17 UTC 2025
--- Copying files at Wed Apr  2 13:23:18 UTC 2025
--- Copied files finished at Wed Apr  2 13:23:18 UTC 2025
--- Copying files at Thu Apr  3 11:21:29 UTC 2025
--- Copied files finished at Thu Apr  3 11:21:29 UTC 2025
--- Copying files at Thu Apr  3 15:10:47 UTC 2025
--- Copied files finished at Thu Apr  3 15:10:47 UTC 2025
--- Copying files at Thu Apr  3 15:15:29 UTC 2025
--- Copied files finished at Thu Apr  3 15:15:29 UTC 2025
--- Copying files at Thu Apr  3 15:26:10 UTC 2025
--- Copied files finished at Thu Apr  3 15:26:10 UTC 2025
--- Copying files at Thu Apr  3 15:27:08 UTC 2025
--- Copied files finished at Thu Apr  3 15:27:08 UTC 2025
--- Copying files at Tue Apr  8 22:14:41 UTC 2025
--- Copied files finished at Tue Apr  8 22:14:41 UTC 2025
--- Copying files at Wed Apr  9 15:21:18 UTC 2025
--- Copied files finished at Wed Apr  9 15:21:19 UTC 2025
--- Copying files at Wed Apr  9 15:24:26 UTC 2025
--- Copied files finished at Wed Apr  9 15:24:26 UTC 2025
--- Copying files at Wed Apr  9 15:28:27 UTC 2025
--- Copied files finished at Wed Apr  9 15:28:27 UTC 2025
--- Copying files at Wed Apr  9 15:29:31 UTC 2025
--- Copied files finished at Wed Apr  9 15:29:31 UTC 2025
--- Copying files at Wed Apr  9 15:33:15 UTC 2025
--- Copied files finished at Wed Apr  9 15:33:15 UTC 2025
--- Copying files at Wed Apr  9 15:35:49 UTC 2025
--- Copied files finished at Wed Apr  9 15:35:49 UTC 2025
--- Copying files at Wed Apr  9 15:46:38 UTC 2025
--- Copied files finished at Wed Apr  9 15:46:38 UTC 2025
--- Copying files at Wed Apr  9 15:49:50 UTC 2025
--- Copied files finished at Wed Apr  9 15:49:50 UTC 2025
--- Copying files at Wed Apr  9 15:52:49 UTC 2025
--- Copied files finished at Wed Apr  9 15:52:49 UTC 2025
--- Copying files at Wed Apr  9 15:56:43 UTC 2025
--- Copied files finished at Wed Apr  9 15:56:43 UTC 2025
--- Copying files at Wed Apr  9 18:10:34 UTC 2025
--- Copied files finished at Wed Apr  9 18:10:34 UTC 2025
--- Copying files at Wed Apr  9 18:13:54 UTC 2025
--- Copied files finished at Wed Apr  9 18:13:54 UTC 2025
--- Copying files at Wed Apr  9 18:17:01 UTC 2025
--- Copied files finished at Wed Apr  9 18:17:01 UTC 2025
--- Copying files at Wed Apr  9 21:05:34 UTC 2025
--- Copied files finished at Wed Apr  9 21:05:35 UTC 2025
--- Copying files at Wed Apr  9 21:10:20 UTC 2025
--- Copied files finished at Wed Apr  9 21:10:20 UTC 2025
--- Copying files at Wed Apr  9 21:11:50 UTC 2025
--- Copied files finished at Wed Apr  9 21:11:50 UTC 2025
--- Copying files at Wed Apr  9 21:25:13 UTC 2025
--- Copied files finished at Wed Apr  9 21:25:13 UTC 2025
--- Copying files at Wed Apr  9 21:33:49 UTC 2025
--- Copied files finished at Wed Apr  9 21:33:49 UTC 2025
--- Copying files at Wed Apr  9 21:43:03 UTC 2025
--- Copied files finished at Wed Apr  9 21:43:03 UTC 2025
--- Copying files at Wed Apr  9 21:46:02 UTC 2025
--- Copied files finished at Wed Apr  9 21:46:02 UTC 2025
--- Copying files at Wed Apr  9 21:48:11 UTC 2025
--- Copied files finished at Wed Apr  9 21:48:11 UTC 2025
--- Copying files at Wed Apr  9 21:49:46 UTC 2025
--- Copied files finished at Wed Apr  9 21:49:46 UTC 2025
--- Copying files at Thu Apr 10 12:01:28 UTC 2025
--- Copied files finished at Thu Apr 10 12:01:29 UTC 2025
--- Copying files at Thu Apr 10 12:21:07 UTC 2025
--- Copied files finished at Thu Apr 10 12:21:07 UTC 2025
